Library listing for file CLIB01.OBJ                                    Page 1
Listed on 19:54:16 31-May-96

Module:  _main
Created: 22:13:24 31-Jan-96                Size: 1321
Entries: _cstart_         _main           

Module:  DIRSCAN
Created: 22:07:28 31-Jan-96                Size: 8216
Entries: noelipmsg        dirscan          _dirscan         parsestr        
         doelip           compdir          dsgetmem        

Module:  procarg
Created: 22:10:46 31-Jan-96                Size: 4159
Entries: procarg         

Module:  progarg
Created: 22:10:48 31-Jan-96                Size: 5412
Entries: progarg         

Module:  DOSDRVF
Created: 22:09:10 31-Jan-96                Size: 5308
Entries: dosdrvf          dosnchar         diskcls          dosnqab         
         diskchar         diqab            dcqab            unit            
         unitname         nonsdevmsg       jmpbuf           numunits        
         namelist        

Module:  femsg
Created: 22:09:12 31-Jan-96                Size: 483
Entries: femsg           

Module:  femsg2
Created: 22:09:12 31-Jan-96                Size: 527
Entries: femsg2          

Module:  errmsg
Created: 22:09:12 31-Jan-96                Size: 773
Entries: errmsg          
Library listing for file CLIB01.OBJ                                    Page 2
Listed on 19:54:16 31-May-96

Module:  getenv
Created: 22:12:58 31-Jan-96                Size: 380
Entries: getenv          

Module:  abs
Created: 22:12:50 31-Jan-96                Size: 328
Entries: abs              labs            

Module:  div
Created: 22:12:52 31-Jan-96                Size: 357
Entries: div              ldiv            

Module:  atoi
Created: 22:12:52 31-Jan-96                Size: 316
Entries: atoi             atol            

Module:  axtoi
Created: 22:01:10 31-Jan-96                Size: 399
Entries: axtoi           

Module:  LOG
Created: 22:10:44 31-Jan-96                Size: 5258
Entries: log_close        log_open_read    log_open_write   log_read_data   
         log_read_header  log_rewind       log_write       

Module:  longdiv
Created: 22:10:44 31-Jan-96                Size: 307
Entries: longdiv         

Module:  rotate
Created: 22:12:46 31-Jan-96                Size: 340
Entries: rotate16         rotate32         rotate8         

Module:  add2sdt
Created: 22:01:10 31-Jan-96                Size: 300
Entries: add2sdt         
Library listing for file CLIB01.OBJ                                    Page 3
Listed on 19:54:16 31-May-96

Module:  sdt2str
Created: 22:12:46 31-Jan-96                Size: 407
Entries: sdt2str         

Module:  ddt2str
Created: 22:05:32 31-Jan-96                Size: 1563
Entries: ddt2str         

Module:  sdtsub
Created: 22:12:46 31-Jan-96                Size: 311
Entries: sdtsub          

Module:  exit
Created: 22:12:52 31-Jan-96                Size: 615
Entries: _exit            abort            exit            

Module:  atexit
Created: 22:12:52 31-Jan-96                Size: 371
Entries: _atcount         _atfuns          atexit          

Module:  setjmp
Created: 22:13:10 31-Jan-96                Size: 450
Entries: longjmp          setjmp          

Module:  system
Created: 22:13:18 31-Jan-96                Size: 889
Entries: system          

Module:  perror
Created: 22:13:06 31-Jan-96                Size: 517
Entries: perror          

Module:  QSORT
Created: 22:13:08 31-Jan-96                Size: 1463
Entries: qsort           
Library listing for file CLIB01.OBJ                                    Page 4
Listed on 19:54:16 31-May-96

Module:  printf
Created: 22:13:06 31-Jan-96                Size: 1845
Entries: fprintf          printf           sprintf          vfprintf        
         vprintf          vsprintf        

Module:  ferror
Created: 22:12:54 31-Jan-96                Size: 315
Entries: ferror          

Module:  fflush
Created: 22:12:54 31-Jan-96                Size: 461
Entries: fflush          

Module:  fgets
Created: 22:12:54 31-Jan-96                Size: 348
Entries: fgets           

Module:  fopen
Created: 22:12:56 31-Jan-96                Size: 540
Entries: fopen           

Module:  puts
Created: 22:13:08 31-Jan-96                Size: 381
Entries: puts            

Module:  fputs
Created: 22:12:56 31-Jan-96                Size: 533
Entries: fputs           

Module:  fread
Created: 18:52:06 31-May-96                Size: 421
Entries: fread           

Module:  getchar
Created: 22:12:58 31-Jan-96                Size: 314
Entries: getchar         
Library listing for file CLIB01.OBJ                                    Page 5
Listed on 19:54:16 31-May-96

Module:  fgetc
Created: 19:00:36 31-May-96                Size: 537
Entries: fgetc           

Module:  fseek
Created: 19:54:14 31-May-96                Size: 668
Entries: fseek           

Module:  ftell
Created: 22:12:58 31-Jan-96                Size: 424
Entries: ftell           

Module:  remove
Created: 22:13:10 31-Jan-96                Size: 339
Entries: remove          

Module:  rename
Created: 22:13:10 31-Jan-96                Size: 351
Entries: rename          

Module:  tmpnam
Created: 22:13:18 31-Jan-96                Size: 509
Entries: tmpnam          

Module:  ungetc
Created: 22:13:18 31-Jan-96                Size: 467
Entries: ungetc          

Module:  fwrite
Created: 22:12:58 31-Jan-96                Size: 384
Entries: fwrite          

Module:  putchar
Created: 22:13:08 31-Jan-96                Size: 324
Entries: putchar         
Library listing for file CLIB01.OBJ                                    Page 6
Listed on 19:54:16 31-May-96

Module:  fputc
Created: 22:12:56 31-Jan-96                Size: 528
Entries: fputc           

Module:  fclose
Created: 22:12:52 31-Jan-96                Size: 587
Entries: fclose          

Module:  feof
Created: 22:12:54 31-Jan-96                Size: 347
Entries: feof            

Module:  fgetstr
Created: 22:09:10 31-Jan-96                Size: 353
Entries: fgetstr         

Module:  fexist
Created: 22:09:12 31-Jan-96                Size: 317
Entries: fexist          

Module:  fgetfinfo
Created: 22:09:12 31-Jan-96                Size: 332
Entries: fgetfinfo       

Module:  fisctrm
Created: 22:09:14 31-Jan-96                Size: 309
Entries: fisctrm         

Module:  getch
Created: 22:09:14 31-Jan-96                Size: 624
Entries: getch           

Module:  getche
Created: 22:09:14 31-Jan-96                Size: 636
Entries: getche          
Library listing for file CLIB01.OBJ                                    Page 7
Listed on 19:54:16 31-May-96

Module:  getfarg
Created: 22:09:14 31-Jan-96                Size: 371
Entries: getfarg         

Module:  getfinfo
Created: 18:52:06 31-May-96                Size: 691
Entries: getfinfo        

Module:  isctrm
Created: 22:10:42 31-Jan-96                Size: 427
Entries: isctrm          

Module:  _fsetup
Created: 18:52:08 31-May-96                Size: 965
Entries: _fsetup         

Module:  _fmode
Created: 22:13:22 31-Jan-96                Size: 506
Entries: _fmode          

Module:  getspace
Created: 22:09:16 31-Jan-96                Size: 390
Entries: getspace        

Module:  GLOBAL
Created: 22:10:40 31-Jan-96                Size: 1932
Entries: gcp_dosdrive     gcp_dosquirk     list_tf          global_parameter
         do_drive         do_quirk        

Module:  getreqname
Created: 22:10:40 31-Jan-96                Size: 429
Entries: getreqname      

Module:  setvector
Created: 22:12:48 31-Jan-96                Size: 651
Entries: setvector       
Library listing for file CLIB01.OBJ                                    Page 8
Listed on 19:54:16 31-May-96

Module:  strtol
Created: 22:13:16 31-Jan-96                Size: 417
Entries: strtol          

Module:  strtoul
Created: 22:13:16 31-Jan-96                Size: 784
Entries: _strtoul         strtoul         

Module:  stricmp
Created: 22:12:48 31-Jan-96                Size: 362
Entries: stricmp         

Module:  strlower
Created: 22:12:48 31-Jan-96                Size: 318
Entries: strlower        

Module:  strmov
Created: 22:12:48 31-Jan-96                Size: 319
Entries: strmov          

Module:  strnchr
Created: 22:12:48 31-Jan-96                Size: 317
Entries: strnchr         

Module:  strnicmp
Created: 22:12:50 31-Jan-96                Size: 370
Entries: strnicmp        

Module:  strnmov
Created: 22:12:50 31-Jan-96                Size: 337
Entries: strnmov         

Module:  strupr
Created: 22:12:50 31-Jan-96                Size: 324
Entries: strupper         strupr          
Library listing for file CLIB01.OBJ                                    Page 9
Listed on 19:54:16 31-May-96

Module:  xstrncmp
Created: 22:12:50 31-Jan-96                Size: 312
Entries: xstrncmp        

Module:  strcat
Created: 22:13:10 31-Jan-96                Size: 342
Entries: strcat          

Module:  strchr
Created: 22:13:10 31-Jan-96                Size: 327
Entries: strchr          

Module:  strcmp
Created: 22:13:12 31-Jan-96                Size: 328
Entries: strcmp          

Module:  strcpy
Created: 22:13:12 31-Jan-96                Size: 411
Entries: strcpy          

Module:  strcspn
Created: 22:13:12 31-Jan-96                Size: 375
Entries: strcspn         

Module:  strerror
Created: 22:13:12 31-Jan-96                Size: 374
Entries: _geterror        strerror        

Module:  strlen
Created: 22:13:12 31-Jan-96                Size: 311
Entries: strlen          

Module:  strncat
Created: 22:13:14 31-Jan-96                Size: 354
Entries: strncat         
Library listing for file CLIB01.OBJ                                    Page 10
Listed on 19:54:16 31-May-96

Module:  strncmp
Created: 22:13:14 31-Jan-96                Size: 334
Entries: strncmp         

Module:  strncpy
Created: 22:13:14 31-Jan-96                Size: 355
Entries: strncpy         

Module:  strpbrk
Created: 22:13:14 31-Jan-96                Size: 377
Entries: strpbrk         

Module:  strrchr
Created: 22:13:14 31-Jan-96                Size: 329
Entries: strrchr         

Module:  strspn
Created: 22:13:14 31-Jan-96                Size: 381
Entries: strspn          

Module:  strchr
Created: 22:13:16 31-Jan-96                Size: 369
Entries: strstr          

Module:  strtok
Created: 22:13:16 31-Jan-96                Size: 411
Entries: strtok          

Module:  isalnum
Created: 22:13:00 31-Jan-96                Size: 362
Entries: isalnum         

Module:  isalpha
Created: 22:13:00 31-Jan-96                Size: 352
Entries: isalpha         
Library listing for file CLIB01.OBJ                                    Page 11
Listed on 19:54:16 31-May-96

Module:  iscntrl
Created: 22:13:00 31-Jan-96                Size: 332
Entries: iscntrl         

Module:  isdigit
Created: 22:13:00 31-Jan-96                Size: 332
Entries: isdigit         

Module:  isgraph
Created: 22:13:00 31-Jan-96                Size: 372
Entries: isgraph         

Module:  islower
Created: 22:13:02 31-Jan-96                Size: 332
Entries: islower         

Module:  isprint
Created: 22:13:02 31-Jan-96                Size: 382
Entries: isprint         

Module:  ispunct
Created: 22:13:02 31-Jan-96                Size: 332
Entries: ispunct         

Module:  isspace
Created: 22:13:02 31-Jan-96                Size: 332
Entries: isspace         

Module:  isupper
Created: 22:13:02 31-Jan-96                Size: 332
Entries: isupper         

Module:  isxdigit
Created: 22:13:04 31-Jan-96                Size: 334
Entries: isxdigit        
Library listing for file CLIB01.OBJ                                    Page 12
Listed on 19:54:16 31-May-96

Module:  tolower
Created: 22:13:18 31-Jan-96                Size: 326
Entries: tolower         

Module:  toupper
Created: 22:13:18 31-Jan-96                Size: 326
Entries: toupper         

Module:  malloc
Created: 22:13:04 31-Jan-96                Size: 1453
Entries: calloc           free             malloc           realloc         

Module:  HEAPSORT
Created: 22:10:40 31-Jan-96                Size: 1518
Entries: heapsort         path             root            

Module:  brk
Created: 22:12:46 31-Jan-96                Size: 543
Entries: brk              brkx             sbrk             sbrkx           
         sbrkxx          

Module:  memchr
Created: 22:13:04 31-Jan-96                Size: 329
Entries: memchr          

Module:  memcmp
Created: 22:13:04 31-Jan-96                Size: 335
Entries: memcmp          

Module:  memcpy
Created: 22:13:04 31-Jan-96                Size: 347
Entries: memcpy          

Module:  memmove
Created: 22:13:06 31-Jan-96                Size: 366
Entries: memmove         
Library listing for file CLIB01.OBJ                                    Page 13
Listed on 19:54:16 31-May-96

Module:  memset
Created: 22:13:06 31-Jan-96                Size: 357
Entries: memset          

Module:  _iob
Created: 22:13:22 31-Jan-96                Size: 589
Entries: _iob             _stderr          _stdin           _stdout         
         _stdtrm         

Module:  $nextblk
Created: 22:13:20 31-Jan-96                Size: 558
Entries: $nextblk         $thisblk        

Module:  $dumpblk
Created: 22:13:20 31-Jan-96                Size: 571
Entries: $dumpblk        

Module:  KERDEF
Created: 22:10:42 31-Jan-96                Size: 328
Entries: pdaMagic         knlTimeSch       pdaOMPages       sdaSdaSize      
         pdaStatus1       pdaParProc       knlTimeTtl       pdaPid          
         knlName          pdaRunTime       knlMemAvail      sdaName         
         knlProcLimit     sdaType          sdaTotalSize     pdaHndlTbl      
         knlQueNames      knlMemUser       sdaSid           pdaXffTime      
         knlForkTime      pdaRMPages       pdaPMPages       knlProcTable    
         pdaWSPages       pdaName          sdaUseCnt        pdaQueX         
         pdaSesProc      

Module:  SVCDEF
Created: 22:12:50 31-Jan-96                Size: 1680
Entries: svcSchSpawn      svcIoOutBlock    svcIoDevChar     svcTrmSetAtChr  
         svcSysGetInfo    svcTrmGetPixel   svcIoDevParm     svcIoOutSingle  
         svcTrmAttrib     svcTrmSetChr     svcMemWPSet      svcIoOutString  
         svcSysGetPData   svcIoDelete      svcSchGetVector  svcMemBlkChange 
         svcIoCancel      svcTrmSetPixel   svcSssOpnAlm     svcSssWrite     
         svcSssSwitch     svcSchWtSEvent   svcSchKill       svcSysGetEnv    
         svcSchDismiss    svcTrmGetAtChr   svcMemMove       svcIoRun        
         svcIoInBlock     svcSysLog        svcTrmMapScrn    svcSysErrMsg    
         svcMemDescFree   svcSchCtlCDone   svcIoFindLog     svcSchClrEvent  
         svcSysLoadLke    svcSchSetVector  svcSchClrSignal  svcIoGetHndlMap 
         svcIoDstName     svcTrmEgaPalet   svcMemDosSetup   svcSssGetMod    
         svcMemWPFunc     svcIoPath        svcSysFindEnv    svcTrmDspPage   
Library listing for file CLIB01.OBJ                                    Page 14
Listed on 19:54:16 31-May-96

         svcSchSuspend    svcSysCmos       svcSchInitVector svcIoClsChar    
         svcSchRelEvent   svcMemConvShr    svcIoWait        svcSchExit      
         svcIoOpen        svcSchSetEvent   svcMemLink       svcIoInSingle   
         svcSssClsAlm     svcIoClose       svcIoInSingleP   svcTrmLoadFont  
         svcIoSpecial     svcIoOutStringP  svcTrmFunction   svcMemBlkAlloc  
         svcIoMakePipe    svcSssDone       svcSchAlarm      svcMemBlkFree   
         svcSchSleep      svcSysDateTime   svcIoDefLog      svcSchMakEvent  
         svcIoCommit      svcSssRead       svcIoOutBlockP   svcIoControl    
         svcSchWtMEvent   svcSysGetPLevel  svcMemNull       svcSchResEvent  
         svcMemDescSet    svcSssGetTdb     svcSssNumVS      svcMemDescWrite 
         svcIoSetPos      svcSysGetPid     svcMemLinkShr    svcIoOutSingleP 
         svcMemRemove     svcIoInBlockP    svcTrmCurType    svcSchIntrProc  
         svcSchIRet       svcMemMap        svcMemDescFind   svcMemDebug     
         svcSysDefEnv     svcIoTransName   svcTrmSelFont    svcSysGetPName  
         svcMemDescRead   svcMemDescAlloc  svcMemChange     svcTrmWrtInB    
         svcIoQueue       svcSssPutAlm     svcMemCreate     svcMemSegType   
         svcMemRmvMult    svcIoDupHandle   svcTrmDspMode    svcSchWaitProc  
         svcIoRename      svcMemPageType   svcTrmCurPos     svcSchSetLevel  
         svcTrmScroll     svcSysSetPName  

Module:  _assert
Created: 22:13:20 31-Jan-96                Size: 359
Entries: _assert         

Module:  _chrtbl
Created: 22:13:20 31-Jan-96                Size: 627
Entries: _chrtbl         

Module:  _errno
Created: 22:13:22 31-Jan-96                Size: 286
Entries: errno           

Module:  nullfunc
Created: 22:10:44 31-Jan-96                Size: 290
Entries: nullfunc        

