Library listing for file LIBC01.OBJ                                    Page 1
Listed on 17:07:40  5-Nov-03

Module:  _main
Created: 14:15:46 15-Jun-03                Size: 1321
Entries: _cstart_         _main           

Module:  procarg
Created: 14:15:38 15-Jun-03                Size: 4180
Entries: procarg         

Module:  progarg
Created: 14:15:38 15-Jun-03                Size: 5414
Entries: progarg         

Module:  femsg
Created: 14:15:36 15-Jun-03                Size: 483
Entries: femsg           

Module:  FEMSG2
Created: 19:28:12 15-Jun-03                Size: 1285
Entries: femsg2          

Module:  errmsg
Created: 14:15:36 15-Jun-03                Size: 773
Entries: errmsg          

Module:  getspace
Created: 14:15:36 15-Jun-03                Size: 390
Entries: getspace        

Module:  getenv
Created: 14:15:40 15-Jun-03                Size: 380
Entries: getenv          

Module:  abs
Created: 14:15:38 15-Jun-03                Size: 328
Entries: abs              labs            
Library listing for file LIBC01.OBJ                                    Page 2
Listed on 17:07:40  5-Nov-03

Module:  div
Created: 14:15:40 15-Jun-03                Size: 357
Entries: div              ldiv            

Module:  atoi
Created: 14:15:38 15-Jun-03                Size: 316
Entries: atoi             atol            

Module:  axtoi
Created: 14:15:36 15-Jun-03                Size: 399
Entries: axtoi           

Module:  LOG
Created: 14:15:38 15-Jun-03                Size: 5436
Entries: log_close        log_open_read    log_open_write   log_read_data   
         log_read_header  log_rewind       log_write       

Module:  longadd
Created: 14:15:38 15-Jun-03                Size: 300
Entries: longadd         

Module:  longlongadd
Created: 14:15:38 15-Jun-03                Size: 312
Entries: longlongadd     

Module:  longdiv
Created: 14:15:38 15-Jun-03                Size: 307
Entries: longdiv         

Module:  longadddiv
Created: 14:15:38 15-Jun-03                Size: 320
Entries: longadddiv      

Module:  rotate
Created: 14:15:38 15-Jun-03                Size: 340
Entries: rotate16         rotate32         rotate8         
Library listing for file LIBC01.OBJ                                    Page 3
Listed on 17:07:40  5-Nov-03

Module:  add2sdt
Created: 14:15:36 15-Jun-03                Size: 313
Entries: add2sdt         

Module:  sdt2str
Created: 14:15:38 15-Jun-03                Size: 407
Entries: sdt2str         

Module:  ddt2str
Created: 14:15:36 15-Jun-03                Size: 1855
Entries: ddt2str         

Module:  sdtadd
Created: 14:15:38 15-Jun-03                Size: 311
Entries: sdtadd          

Module:  sdtsub
Created: 14:15:38 15-Jun-03                Size: 311
Entries: sdtsub          

Module:  sdtcmp
Created: 17:07:40 5-Nov-03                 Size: 318
Entries: sdtcmp          

Module:  exit
Created: 14:15:40 15-Jun-03                Size: 615
Entries: _exit            abort            exit            

Module:  atexit
Created: 14:15:38 15-Jun-03                Size: 371
Entries: _atcount         _atfuns          atexit          

Module:  wsetjmp
Created: 14:15:42 15-Jun-03                Size: 307
Entries: ___wcpp_2_data_init_longjmp_     
Library listing for file LIBC01.OBJ                                    Page 4
Listed on 17:07:40  5-Nov-03

Module:  setjmp
Created: 14:15:42 15-Jun-03                Size: 450
Entries: longjmp          setjmp          

Module:  system
Created: 14:15:42 15-Jun-03                Size: 889
Entries: system          

Module:  perror
Created: 14:15:42 15-Jun-03                Size: 517
Entries: perror          

Module:  QSORT
Created: 14:15:42 15-Jun-03                Size: 1588
Entries: qsort           

Module:  printf
Created: 1:17:36 18-Aug-03                 Size: 2082
Entries: fprintf          printf           sprintf          vfprintf        
         vprintf          vsprintf        

Module:  ferror
Created: 14:15:40 15-Jun-03                Size: 315
Entries: ferror          

Module:  fflush
Created: 14:15:40 15-Jun-03                Size: 461
Entries: fflush          

Module:  fopen
Created: 14:15:40 15-Jun-03                Size: 546
Entries: fopen           

Module:  fdopen
Created: 14:15:40 15-Jun-03                Size: 494
Entries: fdopen          
Library listing for file LIBC01.OBJ                                    Page 5
Listed on 17:07:40  5-Nov-03

Module:  puts
Created: 14:15:42 15-Jun-03                Size: 381
Entries: puts            

Module:  fputs
Created: 14:15:40 15-Jun-03                Size: 533
Entries: fputs           

Module:  fread
Created: 14:15:40 15-Jun-03                Size: 421
Entries: fread           

Module:  getchar
Created: 14:15:40 15-Jun-03                Size: 314
Entries: getchar         

Module:  fseek
Created: 14:15:40 15-Jun-03                Size: 668
Entries: fseek           

Module:  ftell
Created: 14:15:40 15-Jun-03                Size: 424
Entries: ftell           

Module:  remove
Created: 14:15:42 15-Jun-03                Size: 339
Entries: remove          

Module:  rename
Created: 14:15:42 15-Jun-03                Size: 369
Entries: rename          

Module:  tmpnam
Created: 14:15:42 15-Jun-03                Size: 509
Entries: tmpnam          
Library listing for file LIBC01.OBJ                                    Page 6
Listed on 17:07:40  5-Nov-03

Module:  ungetc
Created: 14:15:42 15-Jun-03                Size: 467
Entries: ungetc          

Module:  fwrite
Created: 14:15:40 15-Jun-03                Size: 384
Entries: fwrite          

Module:  putchar
Created: 14:15:42 15-Jun-03                Size: 324
Entries: putchar         

Module:  fclose
Created: 14:15:40 15-Jun-03                Size: 587
Entries: fclose          

Module:  feof
Created: 14:15:40 15-Jun-03                Size: 347
Entries: feof            

Module:  fgets
Created: 14:15:40 15-Jun-03                Size: 348
Entries: fgets           

Module:  fgetsl
Created: 14:15:40 15-Jun-03                Size: 353
Entries: fgetsl          

Module:  fgetstr
Created: 14:15:40 15-Jun-03                Size: 353
Entries: fgetstr         

Module:  fgetc
Created: 14:15:40 15-Jun-03                Size: 537
Entries: fgetc           
Library listing for file LIBC01.OBJ                                    Page 7
Listed on 17:07:40  5-Nov-03

Module:  fputc
Created: 14:15:40 15-Jun-03                Size: 528
Entries: fputc           

Module:  fexist
Created: 14:15:36 15-Jun-03                Size: 317
Entries: fexist          

Module:  fgetfinfo
Created: 14:15:36 15-Jun-03                Size: 332
Entries: fgetfinfo       

Module:  fisctrm
Created: 14:15:36 15-Jun-03                Size: 309
Entries: fisctrm         

Module:  getch
Created: 14:15:36 15-Jun-03                Size: 624
Entries: getch           

Module:  getche
Created: 14:15:36 15-Jun-03                Size: 636
Entries: getche          

Module:  getfarg
Created: 14:15:36 15-Jun-03                Size: 371
Entries: getfarg         

Module:  getfinfo
Created: 14:15:36 15-Jun-03                Size: 691
Entries: getfinfo        

Module:  isctrm
Created: 14:15:38 15-Jun-03                Size: 427
Entries: isctrm          
Library listing for file LIBC01.OBJ                                    Page 8
Listed on 17:07:40  5-Nov-03

Module:  _fsetup
Created: 13:48:26 19-Jun-03                Size: 937
Entries: _fsetup         

Module:  _fmode
Created: 14:15:44 15-Jun-03                Size: 506
Entries: _fmode          

Module:  IO
Created: 14:15:40 15-Jun-03                Size: 4514
Entries: g_dwTimeZoneOffset                strdup           time_unix_to_s  
         time_s_to_unix   ctime            fstat            stat            
         open             read             write            filelength      
         chsize           tell             lseek            close           

Module:  getreqname
Created: 14:15:36 15-Jun-03                Size: 429
Entries: getreqname      

Module:  setvector
Created: 14:15:38 15-Jun-03                Size: 653
Entries: setvector       

Module:  strtol
Created: 14:15:42 15-Jun-03                Size: 417
Entries: strtol          

Module:  strtoul
Created: 14:15:42 15-Jun-03                Size: 784
Entries: _strtoul         strtoul         

Module:  stricmp
Created: 14:15:38 15-Jun-03                Size: 362
Entries: stricmp         
Library listing for file LIBC01.OBJ                                    Page 9
Listed on 17:07:40  5-Nov-03

Module:  strlower
Created: 14:15:38 15-Jun-03                Size: 318
Entries: strlower        

Module:  strmov
Created: 14:15:38 15-Jun-03                Size: 319
Entries: strmov          

Module:  strnchr
Created: 14:15:38 15-Jun-03                Size: 317
Entries: strnchr         

Module:  strnicmp
Created: 14:15:38 15-Jun-03                Size: 370
Entries: strnicmp        

Module:  strnmov
Created: 14:15:38 15-Jun-03                Size: 337
Entries: strnmov         

Module:  strupr
Created: 14:15:38 15-Jun-03                Size: 324
Entries: strupper         strupr          

Module:  strupr
Created: 14:15:38 15-Jun-03                Size: 330
Entries: strnupper        strnupr         

Module:  xstrncmp
Created: 14:15:38 15-Jun-03                Size: 312
Entries: xstrncmp        

Module:  strcat
Created: 14:15:42 15-Jun-03                Size: 342
Entries: strcat          
Library listing for file LIBC01.OBJ                                    Page 10
Listed on 17:07:40  5-Nov-03

Module:  strchr
Created: 14:15:42 15-Jun-03                Size: 327
Entries: strchr          

Module:  strcmp
Created: 14:15:42 15-Jun-03                Size: 328
Entries: strcmp          

Module:  strcpy
Created: 14:15:42 15-Jun-03                Size: 411
Entries: strcpy          

Module:  strcspn
Created: 14:15:42 15-Jun-03                Size: 375
Entries: strcspn         

Module:  strerror
Created: 14:15:42 15-Jun-03                Size: 374
Entries: _geterror        strerror        

Module:  strlen
Created: 14:15:42 15-Jun-03                Size: 311
Entries: strlen          

Module:  strnlen
Created: 14:15:42 15-Jun-03                Size: 330
Entries: strnlen         

Module:  strncat
Created: 14:15:42 15-Jun-03                Size: 354
Entries: strncat         

Module:  strncmp
Created: 14:15:42 15-Jun-03                Size: 334
Entries: strncmp         
Library listing for file LIBC01.OBJ                                    Page 11
Listed on 17:07:40  5-Nov-03

Module:  strncpy
Created: 14:15:42 15-Jun-03                Size: 354
Entries: strncpy         

Module:  strncpyn
Created: 14:15:42 15-Jun-03                Size: 362
Entries: strncpyn        

Module:  strpbrk
Created: 14:15:42 15-Jun-03                Size: 377
Entries: strpbrk         

Module:  strrchr
Created: 14:15:42 15-Jun-03                Size: 329
Entries: strrchr         

Module:  strspn
Created: 14:15:42 15-Jun-03                Size: 381
Entries: strspn          

Module:  strchr
Created: 14:15:42 15-Jun-03                Size: 369
Entries: strstr          

Module:  __stos
Created: 21:46:02 31-Oct-02                Size: 292
Entries: __STOSB          __STOSD         

Module:  strtok
Created: 14:15:42 15-Jun-03                Size: 411
Entries: strtok          

Module:  isalnum
Created: 14:15:40 15-Jun-03                Size: 362
Entries: isalnum         
Library listing for file LIBC01.OBJ                                    Page 12
Listed on 17:07:40  5-Nov-03

Module:  isalpha
Created: 14:15:40 15-Jun-03                Size: 352
Entries: isalpha         

Module:  iscntrl
Created: 14:15:40 15-Jun-03                Size: 332
Entries: iscntrl         

Module:  isdigit
Created: 14:15:40 15-Jun-03                Size: 332
Entries: isdigit         

Module:  isgraph
Created: 14:15:40 15-Jun-03                Size: 372
Entries: isgraph         

Module:  islower
Created: 14:15:40 15-Jun-03                Size: 332
Entries: islower         

Module:  isprint
Created: 14:15:40 15-Jun-03                Size: 382
Entries: isprint         

Module:  ispunct
Created: 14:15:40 15-Jun-03                Size: 332
Entries: ispunct         

Module:  isspace
Created: 14:15:40 15-Jun-03                Size: 332
Entries: isspace         

Module:  isupper
Created: 14:15:40 15-Jun-03                Size: 332
Entries: isupper         
Library listing for file LIBC01.OBJ                                    Page 13
Listed on 17:07:40  5-Nov-03

Module:  isxdigit
Created: 14:15:40 15-Jun-03                Size: 334
Entries: isxdigit        

Module:  tolower
Created: 14:15:42 15-Jun-03                Size: 326
Entries: tolower         

Module:  toupper
Created: 14:15:42 15-Jun-03                Size: 326
Entries: toupper         

Module:  malloc
Created: 14:15:40 15-Jun-03                Size: 1486
Entries: calloc           free             malloc           realloc         

Module:  HEAPSORT
Created: 14:15:36 15-Jun-03                Size: 1669
Entries: heapsort         path             root            

Module:  brk
Created: 14:15:38 15-Jun-03                Size: 626
Entries: brk              brkx             junkx            makex           
         sbrk             sbrkx            sbrkxx          

Module:  memchr
Created: 14:15:40 15-Jun-03                Size: 329
Entries: memchr          

Module:  memscan
Created: 14:15:40 15-Jun-03                Size: 332
Entries: memscan         

Module:  memcmp
Created: 14:15:40 15-Jun-03                Size: 335
Entries: memcmp          
Library listing for file LIBC01.OBJ                                    Page 14
Listed on 17:07:40  5-Nov-03

Module:  memcmp
Created: 14:15:40 15-Jun-03                Size: 391
Entries: memicmp         

Module:  memcpy
Created: 14:15:40 15-Jun-03                Size: 362
Entries: memcpy          

Module:  memcpylong
Created: 14:15:40 15-Jun-03                Size: 342
Entries: memcpylong      

Module:  memmove
Created: 14:15:40 15-Jun-03                Size: 422
Entries: memmove         

Module:  memset
Created: 14:15:40 15-Jun-03                Size: 357
Entries: memset          

Module:  _iob
Created: 14:15:44 15-Jun-03                Size: 589
Entries: _iob             _stderr          _stdin           _stdout         
         _stdtrm         

Module:  $nextblk
Created: 14:15:42 15-Jun-03                Size: 558
Entries: $nextblk         $thisblk        

Module:  ECVT
Created: 14:15:44 15-Jun-03                Size: 2604
Entries: ecvt             fcvt            

Module:  TIMECVT
Created: 14:15:44 15-Jun-03                Size: 1391
Entries: W?GetUnix$:TimeCvt$n()l           W?SetUnix$:TimeCvt$n(l)v         
Library listing for file LIBC01.OBJ                                    Page 15
Listed on 17:07:40  5-Nov-03

Module:  W_TIME
Created: 14:15:44 15-Jun-03                Size: 1526
Entries: time             localtime       

Module:  W_POW
Created: 14:15:46 15-Jun-03                Size: 721
Entries: pow              _fltused_       

Module:  fp
Created: 14:15:46 15-Jun-03                Size: 311
Entries: __CHP           

Module:  W_CPP_C
Created: 14:15:46 15-Jun-03                Size: 2786
Entries: W?_findNew$n(pnv)pnpnv            W?_addNew$n(pnv)v                
         W?_delNew$n(pnv)i                 _dumpMem         _dumpHeap       
         W?_dumpNew$n()v  W?$nwn(ui)pnv    W?$nwn(uipnv)pnv W?$nan(ui)pnv   
         W?$dln(pnv)v     W?$dan(pnv)v     W?g_fNewInit$ni  W?g_anew$n[]pnv 

Module:  cpp
Created: 14:15:46 15-Jun-03                Size: 451
Entries: ___wcpp_2_data_module_dtor_ref_   __wcpp_2_dtor_array_store_       
         __wcpp_2_mod_register_            __wcpp_2_module_dtor_            
         __wcpp_2_undef_vfun_              __wcpp_2_undefed_cdtor_          

Module:  Z_DIR
Created: 14:15:46 15-Jun-03                Size: 2715
Entries: opendir          readdir          closedir         g_fname         
         g_opendir        g_fileparm       g_dirs           g_de            
         g_filespec      

Module:  $dumpblk
Created: 14:15:42 15-Jun-03                Size: 571
Entries: $dumpblk        

Module:  KERDEF
Created: 14:15:38 15-Jun-03                Size: 328
Entries: pdaMagic         knlTimeSch       pdaOMPages       sdaSdaSize      
Library listing for file LIBC01.OBJ                                    Page 16
Listed on 17:07:40  5-Nov-03

         pdaStatus1       pdaParProc       knlTimeTtl       pdaPid          
         knlName          pdaRunTime       knlMemAvail      sdaName         
         knlProcLimit     sdaType          sdaTotalSize     pdaHndlTbl      
         knlQueNames      knlMemUser       sdaSid           pdaXffTime      
         knlForkTime      pdaRMPages       pdaPMPages       knlProcTable    
         pdaWSPages       pdaName          sdaUseCnt        pdaQueX         
         pdaSesProc      

Module:  SVCDEF
Created: 14:15:38 15-Jun-03                Size: 1724
Entries: svcSchSpawn      svcIoOutBlock    svcIoDevChar     svcTrmSetAtChr  
         svcSysGetInfo    svcTrmGetPixel   svcIoDevParm     svcIoOutSingle  
         svcTrmAttrib     svcTrmSetChr     svcMemWPSet      svcIoOutString  
         svcSysGetPData   svcIoDelete      svcSchGetVector  svcMemBlkChange 
         svcIoCancel      svcTrmSetPixel   svcSssOpnAlm     svcSssWrite     
         svcSssSwitch     svcSchWtSEvent   svcSchKill       svcSysGetEnv    
         svcSchDismiss    svcTrmGetAtChr   svcMemMove       svcIoRun        
         svcIoInBlock     svcSysLog        svcTrmMapScrn    svcSysErrMsg    
         svcMemDescFree   svcSchCtlCDone   svcIoFindLog     svcSchClrEvent  
         svcSysLoadLke    svcSchSetVector  svcSchClrSignal  svcIoGetHndlMap 
         svcIoDstName     svcTrmEgaPalet   svcMemDosSetup   svcSssGetMod    
         svcMemWPFunc     svcIoPath        svcSysFindEnv    svcTrmDspPage   
         svcSchSuspend    svcSysCmos       svcSchInitVector svcIoClsChar    
         svcSchRelEvent   svcMemConvShr    svcIoWait        svcSchExit      
         svcIoOpen        svcSchSetEvent   svcMemLink       svcIoInSingle   
         svcSssClsAlm     svcTrmLdStdFont  svcIoClose       svcIoInSingleP  
         svcSysGetRandom  svcIoSpecial     svcIoOutStringP  svcTrmFunction  
         svcMemBlkAlloc   svcIoMakePipe    svcSssDone       svcSchAlarm     
         svcMemBlkFree    svcSchSleep      svcSysDateTime   svcIoDefLog     
         svcSchMakEvent   svcIoCommit      svcSssRead       svcIoOutBlockP  
         svcIoControl     svcSchWtMEvent   svcSysGetPLevel  svcMemNull      
         svcSchResEvent   svcMemDescSet    svcSssGetTdb     svcSssNumVS     
         svcMemDescWrite  svcIoSetPos      svcSysGetPid     svcMemLinkShr   
         svcIoOutSingleP  svcMemRemove     svcIoInBlockP    svcTrmCurType   
         svcSchIntrProc   svcSchIRet       svcMemMap        svcMemDescFind  
         svcMemDebug      svcTrmLdCusFont  svcSysDefEnv     svcIoTransName  
         svcTrmSelFont    svcSysGetPName   svcMemDescRead   svcMemDescAlloc 
         svcMemChange     svcTrmWrtInB     svcIoQueue       svcSssPutAlm    
         svcMemCreate     svcMemSegType    svcMemRmvMult    svcIoDupHandle  
         svcTrmDspMode    svcSchWaitProc   svcIoRename      svcMemPageType  
         svcIoPorts       svcTrmCurPos     svcSchSetLevel   svcTrmScroll    
         svcSysSetPName  

Module:  _assert
Created: 14:15:42 15-Jun-03                Size: 359
Entries: _assert         
Library listing for file LIBC01.OBJ                                    Page 17
Listed on 17:07:40  5-Nov-03

Module:  _chrtbl
Created: 14:15:44 15-Jun-03                Size: 627
Entries: _chrtbl         

Module:  _errno
Created: 14:15:44 15-Jun-03                Size: 286
Entries: errno           

Module:  nullfunc
Created: 14:15:38 15-Jun-03                Size: 290
Entries: nullfunc        

