Library listing for file LIBX01.OBJ                                    Page 1
Listed on 22:16:49 28-Jul-03

Module:  SERVERT
Created: 22:16:48 28-Jul-03                Size: 5132
Entries: srvInitialize   

Module:  SRVMAIN
Created: 23:07:34 1-Dec-01                 Size: 5039
Entries: srvFncCommand   

Module:  .main.
Created: 23:07:34 1-Dec-01                 Size: 651
Entries: srvCmdPnt        srvCmdWord       srvDebugLevel    srvDebugStream  
         srvEditNum       srvFinishCmd     srvLogHandle     srvLogLevel     
         srvLogName       srvMessage       srvPrgName       srvReqName      
         srvSetup1        srvSetup2        srvSetupCmd      srvSrvName      
         srvUnitNum       srvVersion      

Module:  SVRINFO
Created: 23:07:34 1-Dec-01                 Size: 865
Entries: serverinfo      

Module:  THREADS
Created: 2:01:10 15-Nov-02                 Size: 3898
Entries: thdCtlInitialize

Module:  GLOBAL
Created: 23:07:32 1-Dec-01                 Size: 2222
Entries: gcp_dosdrive     gcp_dosquirk     list_tf          global_parameter
         do_drive         do_quirk        

Module:  verifyuser
Created: 23:07:34 1-Dec-01                 Size: 6364
Entries: verifyuser      

Module:  getusersig
Created: 2:19:56 12-Nov-02                 Size: 7186
Entries: getuserinit      getusersig      
Library listing for file LIBX01.OBJ                                    Page 2
Listed on 22:16:49 28-Jul-03

Module:  verifypassword
Created: 23:07:36 1-Dec-01                 Size: 3599
Entries: verifypassword  

Module:  ENCPSWD
Created: 23:07:36 1-Dec-01                 Size: 1515
Entries: encodepassword   checkweak        weakkeys        

Module:  GETGROUP
Created: 23:07:36 1-Dec-01                 Size: 1029
Entries: getgroup        

Module:  reqresp
Created: 23:07:36 1-Dec-01                 Size: 3780
Entries: reqresp         

Module:  DATE_PRS
Created: 23:07:38 1-Dec-01                 Size: 5279
Entries: dt_parse         dtPrsErr        

Module:  FIXDRIVEF
Created: 23:07:38 1-Dec-01                 Size: 4749
Entries: dosnchar         diskcls          diskchar         diqab           
         fixdrivef        driveltr         unitname         jmpbuf          
         numunits         namelist        

Module:  RMVDRIVEF
Created: 23:07:38 1-Dec-01                 Size: 3849
Entries: dosnchar         diskcls          diskchar         diqab           
         rmvdrivef        driveltr         unitname         model           
         jmpbuf           numunits         namelist        

Module:  progarg
Created: 23:07:42 1-Dec-01                 Size: 5434
Entries: progarg         
Library listing for file LIBX01.OBJ                                    Page 3
Listed on 22:16:49 28-Jul-03

Module:  PROGHELP
Created: 23:07:40 1-Dec-01                 Size: 15525
Entries: give_line        give_page        page_top         page_bottom     
         page_fwd         page_back        line_fwd         line_back       
         empty            add_line         getTrmParms      getHelpClr      
         clrlines         setcolors        bld_sopts        bld_opts        
         bld_help         draw_stat        page_up          page_down       
         line_up          line_down        input_wto        Ansi_Key        
         Xos_Key          Ctrl_Key         key_cmd          opthelp         
         reg_pib         

Module:  DIRSCAN
Created: 23:07:44 1-Dec-01                 Size: 10372
Entries: dirscan         

Module:  setupseqname
Created: 23:07:44 1-Dec-01                 Size: 1181
Entries: setupseqname    

Module:  breakpoint
Created: 23:07:44 1-Dec-01                 Size: 293
Entries: breakpoint      

Module:  wildcmp
Created: 2:13:16 12-Nov-02                 Size: 585
Entries: wildcmp         

Module:  FTPFUNC
Created: 14:54:40 4-Dec-02                 Size: 9657
Entries: ftpInit          ftpDebug         ftpOpen          ftpUser         
         ftpPassword      ftpSystemType    ftpAppend        ftpClose        
         ftpAscii         sendtype         ftpBinary        ftpType         
         ftpCd            ftpPWD           ftpStatus        ftpAllFiles     
         ftpLiteral       ftpDelete        ftpRename        ftpRmDir        
         ftpMkDir         ftpLs            ftpDir           ftpGet          
         ftpPut           ftpHelp          ftpQuit          getrsp          
         ftp_XosSrvr     

Library listing for file LIBX01.OBJ                                    Page 4
Listed on 22:16:49 28-Jul-03

Module:  bits
Created: 23:07:46 1-Dec-01                 Size: 356
Entries: clearbit         setbit           testbit         

Module:  AHEAPSORT
Created: 22:16:48 28-Jul-03                Size: 1161
Entries: aheapsort       

Module:  hourmin2sys
Created: 23:07:46 1-Dec-01                 Size: 345
Entries: hourmin2sys     

Module:  XOSRANDOM
Created: 23:07:48 1-Dec-01                 Size: 729
Entries: randomInit       randomGetBytes  

Module:  QDES
Created: 23:07:48 1-Dec-01                 Size: 5402
Entries: qdesSetKey       qdesReset        qdesEncBlock     qdesDecBlock    
         qdesGenHash32   

Module:  SETUPSESSION
Created: 23:07:48 1-Dec-01                 Size: 1521
Entries: setupsession    

